// Jest Snapshot v1, https://goo.gl/fbAQLP

exports[`should render editExpensePage 1`] = `undefined`;
